// Vitest Snapshot v1, https://vitest.dev/guide/snapshot.html

exports[`<Button /> > should be able to render the button 1`] = `
<div>
  <button
    class="inline-flex items-center justify-center whitespace-nowrap rounded font-medium ring-offset-background transition-colors focus-visible:outline-none focus-visible:ring-2 focus-visible:ring-ring focus-visible:ring-offset-2 disabled:cursor-not-allowed disabled:opacity-50 bg-linear text-white hover:opacity-90 h-9 px-3 text-sm"
  >
    click here
  </button>
</div>
`;
